rseq.txt
infinigram-mini.pdf.txt
lastdb.c
mcyoung.xyz__2023__03__29__rseq-checkout__.txt
moodycamel.com__blog__2014__detailed-design-of-a-lock-free-queue.txt
travisdowns.github.io__blog__2020__07__06__concurrency-costs.html.txt
www.pvk.ca__Blog__2019__01__09__preemption-is-gc-for-memory-reordering__.txt
docslib.org__doc__4528888__mdb-a-memory-mapped-database-and-backend-for-openldap.txt
codecapsule.com__2014__02__12__coding-for-ssds-part-5-access-patterns-and-system.txt
probablydance.com__2017__02__26__i-wrote-the-fastest-hashtable__.txt
swtch.com__rsc__regexp__regexp4.html.txt
zeux.io__2019__04__20__qgrep-internals__.txt
www.lkuffo.com__sub-milisecond-similarity-search-with-pdx__.txt
www.lkuffo.com__superkmeans__.txt
ashvardanian.com__posts__simsimd-faster-scipy__.txt
salykova.github.io__matmul-cpu.txt
lemire.me__blog__2022__05__25__parsing-json-faster-with-intel-avx-512__.txt
mas-bandwidth.com__how-to-send-millions-of-packets-per-second-with-af_xdp__.txt
rigtorp.se__low-latency-guide__.txt
probablydance.com__2023__04__27__beautiful-branchless-binary-search__.txt
